// Jest Snapshot v1, https://goo.gl/fbAQLP

exports[`App should shallow componetn without craching 1`] = `"{}"`;
